/* IBM CP1006 (Arabic) */

static wc_uint16 cp1006_ucs_map[ 0x80 ] = {
  0,      0,      0,      0,      0,      0,      0,      0,     
  0,      0,      0,      0,      0,      0,      0,      0,     
  0,      0,      0,      0,      0,      0,      0,      0,     
  0,      0,      0,      0,      0,      0,      0,      0,     
  0x00A0, 0x06F0, 0x06F1, 0x06F2, 0x06F3, 0x06F4, 0x06F5, 0x06F6,
  0x06F7, 0x06F8, 0x06F9, 0x060C, 0x061B, 0x00AD, 0x061F, 0xFE81,
  0xFE8D, 0xFE8E, 0xFE8E, 0xFE8F, 0xFE91, 0xFB56, 0xFB58, 0xFE93,
  0xFE95, 0xFE97, 0xFB66, 0xFB68, 0xFE99, 0xFE9B, 0xFE9D, 0xFE9F,
  0xFB7A, 0xFB7C, 0xFEA1, 0xFEA3, 0xFEA5, 0xFEA7, 0xFEA9, 0xFB84,
  0xFEAB, 0xFEAD, 0xFB8C, 0xFEAF, 0xFB8A, 0xFEB1, 0xFEB3, 0xFEB5,
  0xFEB7, 0xFEB9, 0xFEBB, 0xFEBD, 0xFEBF, 0xFEC1, 0xFEC5, 0xFEC9,
  0xFECA, 0xFECB, 0xFECC, 0xFECD, 0xFECE, 0xFECF, 0xFED0, 0xFED1,
  0xFED3, 0xFED5, 0xFED7, 0xFED9, 0xFEDB, 0xFB92, 0xFB94, 0xFEDD,
  0xFEDF, 0xFEE0, 0xFEE1, 0xFEE3, 0xFB9E, 0xFEE5, 0xFEE7, 0xFE85,
  0xFEED, 0xFBA6, 0xFBA8, 0xFBA9, 0xFBAA, 0xFE80, 0xFE89, 0xFE8A,
  0xFE8B, 0xFEF1, 0xFEF2, 0xFEF3, 0xFBB0, 0xFBAE, 0xFE7C, 0xFE7D,
};

#define N_ucs_cp1006_map 95

static wc_map ucs_cp1006_map[ N_ucs_cp1006_map ] = {
  { 0x00A0, 0xA0 },
  { 0x00AD, 0xAD },
  { 0x060C, 0xAB },
  { 0x061B, 0xAC },
  { 0x061F, 0xAE },
  { 0x06F0, 0xA1 },
  { 0x06F1, 0xA2 },
  { 0x06F2, 0xA3 },
  { 0x06F3, 0xA4 },
  { 0x06F4, 0xA5 },
  { 0x06F5, 0xA6 },
  { 0x06F6, 0xA7 },
  { 0x06F7, 0xA8 },
  { 0x06F8, 0xA9 },
  { 0x06F9, 0xAA },
  { 0xFB56, 0xB5 },
  { 0xFB58, 0xB6 },
  { 0xFB66, 0xBA },
  { 0xFB68, 0xBB },
  { 0xFB7A, 0xC0 },
  { 0xFB7C, 0xC1 },
  { 0xFB84, 0xC7 },
  { 0xFB8A, 0xCC },
  { 0xFB8C, 0xCA },
  { 0xFB92, 0xE5 },
  { 0xFB94, 0xE6 },
  { 0xFB9E, 0xEC },
  { 0xFBA6, 0xF1 },
  { 0xFBA8, 0xF2 },
  { 0xFBA9, 0xF3 },
  { 0xFBAA, 0xF4 },
  { 0xFBAE, 0xFD },
  { 0xFBB0, 0xFC },
  { 0xFE7C, 0xFE },
  { 0xFE7D, 0xFF },
  { 0xFE80, 0xF5 },
  { 0xFE81, 0xAF },
  { 0xFE85, 0xEF },
  { 0xFE89, 0xF6 },
  { 0xFE8A, 0xF7 },
  { 0xFE8B, 0xF8 },
  { 0xFE8D, 0xB0 },
  { 0xFE8E, 0xB2 },
  { 0xFE8F, 0xB3 },
  { 0xFE91, 0xB4 },
  { 0xFE93, 0xB7 },
  { 0xFE95, 0xB8 },
  { 0xFE97, 0xB9 },
  { 0xFE99, 0xBC },
  { 0xFE9B, 0xBD },
  { 0xFE9D, 0xBE },
  { 0xFE9F, 0xBF },
  { 0xFEA1, 0xC2 },
  { 0xFEA3, 0xC3 },
  { 0xFEA5, 0xC4 },
  { 0xFEA7, 0xC5 },
  { 0xFEA9, 0xC6 },
  { 0xFEAB, 0xC8 },
  { 0xFEAD, 0xC9 },
  { 0xFEAF, 0xCB },
  { 0xFEB1, 0xCD },
  { 0xFEB3, 0xCE },
  { 0xFEB5, 0xCF },
  { 0xFEB7, 0xD0 },
  { 0xFEB9, 0xD1 },
  { 0xFEBB, 0xD2 },
  { 0xFEBD, 0xD3 },
  { 0xFEBF, 0xD4 },
  { 0xFEC1, 0xD5 },
  { 0xFEC5, 0xD6 },
  { 0xFEC9, 0xD7 },
  { 0xFECA, 0xD8 },
  { 0xFECB, 0xD9 },
  { 0xFECC, 0xDA },
  { 0xFECD, 0xDB },
  { 0xFECE, 0xDC },
  { 0xFECF, 0xDD },
  { 0xFED0, 0xDE },
  { 0xFED1, 0xDF },
  { 0xFED3, 0xE0 },
  { 0xFED5, 0xE1 },
  { 0xFED7, 0xE2 },
  { 0xFED9, 0xE3 },
  { 0xFEDB, 0xE4 },
  { 0xFEDD, 0xE7 },
  { 0xFEDF, 0xE8 },
  { 0xFEE0, 0xE9 },
  { 0xFEE1, 0xEA },
  { 0xFEE3, 0xEB },
  { 0xFEE5, 0xED },
  { 0xFEE7, 0xEE },
  { 0xFEED, 0xF0 },
  { 0xFEF1, 0xF9 },
  { 0xFEF2, 0xFA },
  { 0xFEF3, 0xFB },
};
