/* JIS X 0201 (Japanese Kana) */

static wc_uint16 jisx0201k_ucs_map[ 0x80 ] = {
  0,      0,      0,      0,      0,      0,      0,      0,     
  0,      0,      0,      0,      0,      0,      0,      0,     
  0,      0,      0,      0,      0,      0,      0,      0,     
  0,      0,      0,      0,      0,      0,      0,      0,     
  0,      0xFF61, 0xFF62, 0xFF63, 0xFF64, 0xFF65, 0xFF66, 0xFF67,
  0xFF68, 0xFF69, 0xFF6A, 0xFF6B, 0xFF6C, 0xFF6D, 0xFF6E, 0xFF6F,
  0xFF70, 0xFF71, 0xFF72, 0xFF73, 0xFF74, 0xFF75, 0xFF76, 0xFF77,
  0xFF78, 0xFF79, 0xFF7A, 0xFF7B, 0xFF7C, 0xFF7D, 0xFF7E, 0xFF7F,
  0xFF80, 0xFF81, 0xFF82, 0xFF83, 0xFF84, 0xFF85, 0xFF86, 0xFF87,
  0xFF88, 0xFF89, 0xFF8A, 0xFF8B, 0xFF8C, 0xFF8D, 0xFF8E, 0xFF8F,
  0xFF90, 0xFF91, 0xFF92, 0xFF93, 0xFF94, 0xFF95, 0xFF96, 0xFF97,
  0xFF98, 0xFF99, 0xFF9A, 0xFF9B, 0xFF9C, 0xFF9D, 0xFF9E, 0xFF9F,
  0,      0,      0,      0,      0,      0,      0,      0,     
  0,      0,      0,      0,      0,      0,      0,      0,     
  0,      0,      0,      0,      0,      0,      0,      0,     
  0,      0,      0,      0,      0,      0,      0,      0,     
};

#define N_ucs_jisx0201k_map 63

static wc_map ucs_jisx0201k_map[ N_ucs_jisx0201k_map ] = {
  { 0xFF61, 0xA1 },
  { 0xFF62, 0xA2 },
  { 0xFF63, 0xA3 },
  { 0xFF64, 0xA4 },
  { 0xFF65, 0xA5 },
  { 0xFF66, 0xA6 },
  { 0xFF67, 0xA7 },
  { 0xFF68, 0xA8 },
  { 0xFF69, 0xA9 },
  { 0xFF6A, 0xAA },
  { 0xFF6B, 0xAB },
  { 0xFF6C, 0xAC },
  { 0xFF6D, 0xAD },
  { 0xFF6E, 0xAE },
  { 0xFF6F, 0xAF },
  { 0xFF70, 0xB0 },
  { 0xFF71, 0xB1 },
  { 0xFF72, 0xB2 },
  { 0xFF73, 0xB3 },
  { 0xFF74, 0xB4 },
  { 0xFF75, 0xB5 },
  { 0xFF76, 0xB6 },
  { 0xFF77, 0xB7 },
  { 0xFF78, 0xB8 },
  { 0xFF79, 0xB9 },
  { 0xFF7A, 0xBA },
  { 0xFF7B, 0xBB },
  { 0xFF7C, 0xBC },
  { 0xFF7D, 0xBD },
  { 0xFF7E, 0xBE },
  { 0xFF7F, 0xBF },
  { 0xFF80, 0xC0 },
  { 0xFF81, 0xC1 },
  { 0xFF82, 0xC2 },
  { 0xFF83, 0xC3 },
  { 0xFF84, 0xC4 },
  { 0xFF85, 0xC5 },
  { 0xFF86, 0xC6 },
  { 0xFF87, 0xC7 },
  { 0xFF88, 0xC8 },
  { 0xFF89, 0xC9 },
  { 0xFF8A, 0xCA },
  { 0xFF8B, 0xCB },
  { 0xFF8C, 0xCC },
  { 0xFF8D, 0xCD },
  { 0xFF8E, 0xCE },
  { 0xFF8F, 0xCF },
  { 0xFF90, 0xD0 },
  { 0xFF91, 0xD1 },
  { 0xFF92, 0xD2 },
  { 0xFF93, 0xD3 },
  { 0xFF94, 0xD4 },
  { 0xFF95, 0xD5 },
  { 0xFF96, 0xD6 },
  { 0xFF97, 0xD7 },
  { 0xFF98, 0xD8 },
  { 0xFF99, 0xD9 },
  { 0xFF9A, 0xDA },
  { 0xFF9B, 0xDB },
  { 0xFF9C, 0xDC },
  { 0xFF9D, 0xDD },
  { 0xFF9E, 0xDE },
  { 0xFF9F, 0xDF },
};
